    Finished `test` profile [unoptimized + debuginfo] target(s) in 0.12s
     Running unittests src\main.rs (target\debug\deps\worldraw-78111a581a48f877.exe)

running 11 tests
test tests::bounds_merge_covers_both_boxes ... ok
test tests::dimension_info_maps_known_ids ... ok
test tests::dimension_info_rejects_unknown_ids ... ok
test tests::known_blocks_get_their_colors ... ok
test tests::parse_dim_validates_input ... ok
test tests::parses_region_coords ... ok
test tests::composites_chunks_into_a_single_image ... ok
test tests::unknown_blocks_are_stable_and_bounded ... ok
test tests::downsamples_by_most_common_block ... ok
test tests::renders_a_16x16_png_with_expected_pixels ... ok
test tests::scale_four_shrinks_a_16x16_chunk_to_4x4 ... ok

test result: ok. 11 passed; 0 failed; 0 ignored; 0 measured; 0 filtered out; finished in 0.00s

